[sites.google.com/view/4sg8t4sgegt128y4hg684gr3d86454/home.html]
[backblue.gif]
[fade.gif]
[index.html]
[apis.google.com/js/clientc932.js]
[sites.google.com/view/4sg8t4sgegt128y4hg684gr3d86454/math-tests/browsers/nebula.html]
[sites.google.com/view/4sg8t4sgegt128y4hg684gr3d86454/math-tests/browsers/simple-unblocker.html]
[sites.google.com/view/4sg8t4sgegt128y4hg684gr3d86454/math-tests/browsers/simple-unblocker/ab-cloaked.html]
[sites.google.com/view/4sg8t4sgegt128y4hg684gr3d86454/math-tests/browsers/holy-unblocker.html]
[sites.google.com/view/4sg8t4sgegt128y4hg684gr3d86454/math-tests/browsers/math-help.html]
[sites.google.com/view/4sg8t4sgegt128y4hg684gr3d86454/math-tests/browsers/lucid.html]
[sites.google.com/view/4sg8t4sgegt128y4hg684gr3d86454/math-tests/browsers/rammer-head.html]
[sites.google.com/view/4sg8t4sgegt128y4hg684gr3d86454/math-tests/games/geforce-now.html]
[sites.google.com/view/4sg8t4sgegt128y4hg684gr3d86454/math-tests/games/wordle.html]
[sites.google.com/view/4sg8t4sgegt128y4hg684gr3d86454/math-tests/games/wordle/ab-cloaked.html]
[sites.google.com/view/4sg8t4sgegt128y4hg684gr3d86454/math-tests/games/eagler-craft.html]
[sites.google.com/view/4sg8t4sgegt128y4hg684gr3d86454/math-tests/games/eagler-craft/download.html]
[sites.google.com/view/4sg8t4sgegt128y4hg684gr3d86454/math-tests/games/extreme-math.html]
[sites.google.com/view/4sg8t4sgegt128y4hg684gr3d86454/math-tests/games/2048.html]
[sites.google.com/view/4sg8t4sgegt128y4hg684gr3d86454/math-tests/games/2048/ab-cloaked.html]
[sites.google.com/view/4sg8t4sgegt128y4hg684gr3d86454/math-tests/games/asteroids.html]
[sites.google.com/view/4sg8t4sgegt128y4hg684gr3d86454/math-tests/games/asteroids/ab-cloaked.html]
[sites.google.com/view/4sg8t4sgegt128y4hg684gr3d86454/math-tests/games/chess.html]
[sites.google.com/view/4sg8t4sgegt128y4hg684gr3d86454/math-tests/games/chess/ab-cloaked.html]
[sites.google.com/view/4sg8t4sgegt128y4hg684gr3d86454/math-tests/games/missile-game.html]
[sites.google.com/view/4sg8t4sgegt128y4hg684gr3d86454/math-tests/games/missile-game/ab-cloaked.html]
[sites.google.com/view/4sg8t4sgegt128y4hg684gr3d86454/math-tests/games/pool.html]
[sites.google.com/view/4sg8t4sgegt128y4hg684gr3d86454/math-tests/games/pool/ab-cloaked.html]
[sites.google.com/view/4sg8t4sgegt128y4hg684gr3d86454/math-tests/games/pac-man.html]
[sites.google.com/view/4sg8t4sgegt128y4hg684gr3d86454/math-tests/games/pac-man/ab-cloaked.html]
[sites.google.com/view/4sg8t4sgegt128y4hg684gr3d86454/math-tests/games/piano.html]
[sites.google.com/view/4sg8t4sgegt128y4hg684gr3d86454/math-tests/games/galaga.html]
[sites.google.com/view/4sg8t4sgegt128y4hg684gr3d86454/math-tests/games/galaga/ab-cloaked.html]
[sites.google.com/view/4sg8t4sgegt128y4hg684gr3d86454/math-tests/games/snake.html]
[sites.google.com/view/4sg8t4sgegt128y4hg684gr3d86454/math-tests/games/snake/ab-cloaked.html]
[sites.google.com/view/4sg8t4sgegt128y4hg684gr3d86454/math-tests/games/watchdocumentaries.html]
[sites.google.com/view/4sg8t4sgegt128y4hg684gr3d86454/math-tests/games/watchdocumentaries/ab-cloaked.html]
[sites.google.com/view/4sg8t4sgegt128y4hg684gr3d86454/math-tests/emulators/webretro/download.html]
[sites.google.com/view/4sg8t4sgegt128y4hg684gr3d86454/math-tests/emulators/webretro/webretro-emulator.html]
[sites.google.com/view/4sg8t4sgegt128y4hg684gr3d86454/math-tests/emulators/gba.html]
[sites.google.com/view/4sg8t4sgegt128y4hg684gr3d86454/math-tests/emulators/gba/ab-cloaked.html]
[sites.google.com/view/4sg8t4sgegt128y4hg684gr3d86454/math-tests/school-cheats/wolfram-alpha.html]
[sites.google.com/view/4sg8t4sgegt128y4hg684gr3d86454/math-tests/school-cheats/step-by-step-clalculator.html]
[sites.google.com/view/4sg8t4sgegt128y4hg684gr3d86454/math-tests/random-websites/library-of-babel.html]
[ssl.gstatic.com/atari/images/simple-header-blended.png]
[sites.google.com/view/4sg8t4sgegt128y4hg684gr3d86454/_https_/rblocker.2a.delayed]
[sites.google.com/view/4sg8t4sgegt128y4hg684gr3d86454/_https_/studentcenter.gq/d376251fd4604a73a5ad3db0d748845f/_rhsloLS__/puX.Fq55FS_._I5/_.2b.delayed]
[sites.google.com/view/4sg8t4sgegt128y4hg684gr3d86454/_https_/jesus.cloudwatch.net/_.2c.delayed]
[sites.google.com/view/4sg8t4sgegt128y4hg684gr3d86454/home.html]
[sites.google.com/view/4sg8t4sgegt128y4hg684gr3d86454/math-tests/browsers/nebula.html]
[sites.google.com/view/4sg8t4sgegt128y4hg684gr3d86454/math-tests/browsers/simple-unblocker.html]
[sites.google.com/view/4sg8t4sgegt128y4hg684gr3d86454/math-tests/browsers/simple-unblocker/_https_/web-production-458a.up.railway.app/_.2d.delayed]
[sites.google.com/view/4sg8t4sgegt128y4hg684gr3d86454/math-tests/browsers/simple-unblocker/ab-cloaked.html]
[sites.google.com/view/4sg8t4sgegt128y4hg684gr3d86454/math-tests/browsers/holy-unblocker.html]
[sites.google.com/view/4sg8t4sgegt128y4hg684gr3d86454/math-tests/browsers/math-help.html]
[sites.google.com/view/4sg8t4sgegt128y4hg684gr3d86454/math-tests/browsers/lucid.html]
[sites.google.com/view/4sg8t4sgegt128y4hg684gr3d86454/math-tests/browsers/_https_/graystuido.github.io/RammerHead-Alt/_.2e.delayed]
[sites.google.com/view/4sg8t4sgegt128y4hg684gr3d86454/math-tests/browsers/rammer-head.html]
[sites.google.com/view/4sg8t4sgegt128y4hg684gr3d86454/math-tests/games/geforce-now.html]
[sites.google.com/view/4sg8t4sgegt128y4hg684gr3d86454/math-tests/games/wordle.html]
[sites.google.com/view/4sg8t4sgegt128y4hg684gr3d86454/math-tests/games/wordle/_https_/engaging-data.com/wordguessr-wordle/_.2f.delayed]
[sites.google.com/view/4sg8t4sgegt128y4hg684gr3d86454/math-tests/games/wordle/ab-cloaked.html]
[sites.google.com/view/4sg8t4sgegt128y4hg684gr3d86454/math-tests/games/_https_/eaglercraft.org/_.30.delayed]
[sites.google.com/view/4sg8t4sgegt128y4hg684gr3d86454/math-tests/games/eagler-craft.html]
[sites.google.com/view/4sg8t4sgegt128y4hg684gr3d86454/math-tests/games/eagler-craft/_https_/drive.google.com/uc.31b9e6.delayed]
[sites.google.com/view/4sg8t4sgegt128y4hg684gr3d86454/math-tests/games/eagler-craft/download.html]
[sites.google.com/view/4sg8t4sgegt128y4hg684gr3d86454/math-tests/games/_https_/extrememath.me/books.328c4b.delayed]
[sites.google.com/view/4sg8t4sgegt128y4hg684gr3d86454/math-tests/games/extreme-math.html]
[sites.google.com/view/4sg8t4sgegt128y4hg684gr3d86454/math-tests/games/2048.html]
[sites.google.com/view/4sg8t4sgegt128y4hg684gr3d86454/math-tests/games/2048/_https_/graystuido.github.io/2048-lite-Gray/_.33.delayed]
[sites.google.com/view/4sg8t4sgegt128y4hg684gr3d86454/math-tests/games/2048/ab-cloaked.html]
[sites.google.com/view/4sg8t4sgegt128y4hg684gr3d86454/math-tests/games/asteroids.html]
[sites.google.com/view/4sg8t4sgegt128y4hg684gr3d86454/math-tests/games/asteroids/_https_/mattcompiles.github.io/reason-asteroids/_.34.delayed]
[sites.google.com/view/4sg8t4sgegt128y4hg684gr3d86454/math-tests/games/asteroids/ab-cloaked.html]
[sites.google.com/view/4sg8t4sgegt128y4hg684gr3d86454/math-tests/games/chess.html]
[sites.google.com/view/4sg8t4sgegt128y4hg684gr3d86454/math-tests/games/chess/_https_/graystuido.github.io/chess-gray/_.35.delayed]
[sites.google.com/view/4sg8t4sgegt128y4hg684gr3d86454/math-tests/games/chess/ab-cloaked.html]
[sites.google.com/view/4sg8t4sgegt128y4hg684gr3d86454/math-tests/games/missile-game.html]
[sites.google.com/view/4sg8t4sgegt128y4hg684gr3d86454/math-tests/games/missile-game/_https_/missile-game.bwhmather.com/_.36.delayed]
[sites.google.com/view/4sg8t4sgegt128y4hg684gr3d86454/math-tests/games/missile-game/ab-cloaked.html]
[sites.google.com/view/4sg8t4sgegt128y4hg684gr3d86454/math-tests/games/pool.html]
[sites.google.com/view/4sg8t4sgegt128y4hg684gr3d86454/math-tests/games/pool/_https_/graystuido.github.io/Classic-Pool-Game-Gray/_.37.delayed]
[sites.google.com/view/4sg8t4sgegt128y4hg684gr3d86454/math-tests/games/pool/ab-cloaked.html]
[sites.google.com/view/4sg8t4sgegt128y4hg684gr3d86454/math-tests/games/pac-man.html]
[sites.google.com/view/4sg8t4sgegt128y4hg684gr3d86454/math-tests/games/pac-man/_https_/graystuido.github.io/pacman-lite-gray/_.38.delayed]
[sites.google.com/view/4sg8t4sgegt128y4hg684gr3d86454/math-tests/games/pac-man/ab-cloaked.html]
[sites.google.com/view/4sg8t4sgegt128y4hg684gr3d86454/math-tests/games/piano.html]
[sites.google.com/view/4sg8t4sgegt128y4hg684gr3d86454/math-tests/games/galaga.html]
[sites.google.com/view/4sg8t4sgegt128y4hg684gr3d86454/math-tests/games/galaga/_https_/www.knowbe4.com/hubfs/html_file/galaga/WebApplication/galaga.392c83.delayed]
[sites.google.com/view/4sg8t4sgegt128y4hg684gr3d86454/math-tests/games/galaga/ab-cloaked.html]
[sites.google.com/view/4sg8t4sgegt128y4hg684gr3d86454/math-tests/games/snake.html]
[sites.google.com/view/4sg8t4sgegt128y4hg684gr3d86454/math-tests/games/snake/_https_/snake.love2dev.com/_.3a.delayed]
[sites.google.com/view/4sg8t4sgegt128y4hg684gr3d86454/math-tests/games/snake/ab-cloaked.html]
[sites.google.com/view/4sg8t4sgegt128y4hg684gr3d86454/math-tests/games/watchdocumentaries.html]
[sites.google.com/view/4sg8t4sgegt128y4hg684gr3d86454/math-tests/games/watchdocumentaries/_https_/watchdocumentaries.com/games/_.3b.delayed]
[sites.google.com/view/4sg8t4sgegt128y4hg684gr3d86454/math-tests/games/watchdocumentaries/ab-cloaked.html]
[sites.google.com/view/4sg8t4sgegt128y4hg684gr3d86454/math-tests/emulators/webretro/download.html]
[sites.google.com/view/4sg8t4sgegt128y4hg684gr3d86454/math-tests/emulators/webretro/webretro-emulator.html]
[sites.google.com/view/4sg8t4sgegt128y4hg684gr3d86454/math-tests/emulators/gba.html]
[sites.google.com/view/4sg8t4sgegt128y4hg684gr3d86454/math-tests/emulators/gba/_https_/cattn.github.io/gba/index.3c.delayed]
[sites.google.com/view/4sg8t4sgegt128y4hg684gr3d86454/math-tests/emulators/gba/ab-cloaked.html]
[sites.google.com/view/4sg8t4sgegt128y4hg684gr3d86454/math-tests/school-cheats/wolfram-alpha.html]
[sites.google.com/view/4sg8t4sgegt128y4hg684gr3d86454/math-tests/school-cheats/step-by-step-clalculator.html]
[sites.google.com/view/4sg8t4sgegt128y4hg684gr3d86454/math-tests/random-websites/library-of-babel.html]
[sites.google.com/view/4sg8t4sgegt128y4hg684gr3d86454/_https_/rblocker.html]
[sites.google.com/view/4sg8t4sgegt128y4hg684gr3d86454/_https_/studentcenter.gq/d376251fd4604a73a5ad3db0d748845f/_rhsloLS__/puX.Fq55FS_._I5/_.html]
[sites.google.com/view/4sg8t4sgegt128y4hg684gr3d86454/_https_/jesus.cloudwatch.net/_.html]
[sites.google.com/view/4sg8t4sgegt128y4hg684gr3d86454/math-tests/browsers/simple-unblocker/_https_/web-production-458a.up.railway.app/_.html]
[sites.google.com/view/4sg8t4sgegt128y4hg684gr3d86454/math-tests/browsers/_https_/graystuido.github.io/RammerHead-Alt/_.html]
[sites.google.com/view/4sg8t4sgegt128y4hg684gr3d86454/math-tests/games/wordle/_https_/engaging-data.com/wordguessr-wordle/_.html]
[sites.google.com/view/4sg8t4sgegt128y4hg684gr3d86454/math-tests/games/_https_/eaglercraft.org/_.html]
[sites.google.com/view/4sg8t4sgegt128y4hg684gr3d86454/math-tests/games/eagler-craft/_https_/drive.google.com/ucb9e6.html]
[sites.google.com/view/4sg8t4sgegt128y4hg684gr3d86454/math-tests/games/_https_/extrememath.me/books8c4b.html]
[sites.google.com/view/4sg8t4sgegt128y4hg684gr3d86454/math-tests/games/2048/_https_/graystuido.github.io/2048-lite-Gray/_.html]
[sites.google.com/view/4sg8t4sgegt128y4hg684gr3d86454/math-tests/games/asteroids/_https_/mattcompiles.github.io/reason-asteroids/_.html]
[sites.google.com/view/4sg8t4sgegt128y4hg684gr3d86454/math-tests/games/chess/_https_/graystuido.github.io/chess-gray/_.html]
[sites.google.com/view/4sg8t4sgegt128y4hg684gr3d86454/math-tests/games/missile-game/_https_/missile-game.bwhmather.com/_.html]
[sites.google.com/view/4sg8t4sgegt128y4hg684gr3d86454/math-tests/games/pool/_https_/graystuido.github.io/Classic-Pool-Game-Gray/_.html]
[sites.google.com/view/4sg8t4sgegt128y4hg684gr3d86454/math-tests/games/pac-man/_https_/graystuido.github.io/pacman-lite-gray/_.html]
[sites.google.com/view/4sg8t4sgegt128y4hg684gr3d86454/math-tests/games/galaga/_https_/www.knowbe4.com/hubfs/html_file/galaga/WebApplication/galaga2c83.html]
[sites.google.com/view/4sg8t4sgegt128y4hg684gr3d86454/math-tests/games/snake/_https_/snake.love2dev.com/_.html]
[sites.google.com/view/4sg8t4sgegt128y4hg684gr3d86454/math-tests/games/watchdocumentaries/_https_/watchdocumentaries.com/games/_.html]
[sites.google.com/view/4sg8t4sgegt128y4hg684gr3d86454/math-tests/emulators/gba/_https_/cattn.github.io/gba/index.html]
